
==================== Tidy Core ====================
2018-03-04 19:00:12.9923649 UTC

Result size of Tidy Core
  = {terms: 500, types: 34, coercions: 3, joins: 0/0}

-- RHS size: {terms: 1, types: 0, coercions: 0, joins: 0/0}
CoreDump.Matrix.CofactorMatrix.$trModule2 :: GHC.Prim.Addr#
CoreDump.Matrix.CofactorMatrix.$trModule2
  = "CoreDump.Matrix.CofactorMatrix"#

-- RHS size: {terms: 2, types: 0, coercions: 0, joins: 0/0}
CoreDump.Matrix.CofactorMatrix.$trModule1 :: GHC.Types.TrName
CoreDump.Matrix.CofactorMatrix.$trModule1
  = GHC.Types.TrNameS CoreDump.Matrix.CofactorMatrix.$trModule2

-- RHS size: {terms: 1, types: 0, coercions: 0, joins: 0/0}
CoreDump.Matrix.CofactorMatrix.$trModule4 :: GHC.Prim.Addr#
CoreDump.Matrix.CofactorMatrix.$trModule4 = "main"#

-- RHS size: {terms: 2, types: 0, coercions: 0, joins: 0/0}
CoreDump.Matrix.CofactorMatrix.$trModule3 :: GHC.Types.TrName
CoreDump.Matrix.CofactorMatrix.$trModule3
  = GHC.Types.TrNameS CoreDump.Matrix.CofactorMatrix.$trModule4

-- RHS size: {terms: 3, types: 0, coercions: 0, joins: 0/0}
CoreDump.Matrix.CofactorMatrix.$trModule :: GHC.Types.Module
CoreDump.Matrix.CofactorMatrix.$trModule
  = GHC.Types.Module
      CoreDump.Matrix.CofactorMatrix.$trModule3
      CoreDump.Matrix.CofactorMatrix.$trModule1

-- RHS size: {terms: 485, types: 21, coercions: 3, joins: 0/0}
cofactorMatrix_ :: Matrix 4 4 Float -> Matrix 4 4 Float
cofactorMatrix_
  = \ (m :: Matrix 4 4 Float) ->
      case m `cast` <Co:1> of
      { TensorInstances.Tensor'4'4'Float dt dt1 dt2 dt3 dt4 dt5 dt6 dt7
                                         dt8 dt9 dt10 dt11 dt12 dt13 dt14 dt15 ->
      (TensorInstances.Tensor'4'4'Float
         (GHC.Prim.plusFloat#
            (GHC.Prim.minusFloat#
               (GHC.Prim.timesFloat#
                  dt5
                  (GHC.Prim.minusFloat#
                     (GHC.Prim.timesFloat# dt10 dt15) (GHC.Prim.timesFloat# dt11 dt14)))
               (GHC.Prim.timesFloat#
                  dt6
                  (GHC.Prim.minusFloat#
                     (GHC.Prim.timesFloat# dt9 dt15) (GHC.Prim.timesFloat# dt11 dt13))))
            (GHC.Prim.timesFloat#
               dt7
               (GHC.Prim.minusFloat#
                  (GHC.Prim.timesFloat# dt9 dt14) (GHC.Prim.timesFloat# dt10 dt13))))
         (GHC.Prim.timesFloat#
            -1.0#
            (GHC.Prim.plusFloat#
               (GHC.Prim.minusFloat#
                  (GHC.Prim.timesFloat#
                     dt4
                     (GHC.Prim.minusFloat#
                        (GHC.Prim.timesFloat# dt10 dt15) (GHC.Prim.timesFloat# dt11 dt14)))
                  (GHC.Prim.timesFloat#
                     dt6
                     (GHC.Prim.minusFloat#
                        (GHC.Prim.timesFloat# dt8 dt15) (GHC.Prim.timesFloat# dt11 dt12))))
               (GHC.Prim.timesFloat#
                  dt7
                  (GHC.Prim.minusFloat#
                     (GHC.Prim.timesFloat# dt8 dt14)
                     (GHC.Prim.timesFloat# dt10 dt12)))))
         (GHC.Prim.plusFloat#
            (GHC.Prim.minusFloat#
               (GHC.Prim.timesFloat#
                  dt4
                  (GHC.Prim.minusFloat#
                     (GHC.Prim.timesFloat# dt9 dt15) (GHC.Prim.timesFloat# dt11 dt13)))
               (GHC.Prim.timesFloat#
                  dt5
                  (GHC.Prim.minusFloat#
                     (GHC.Prim.timesFloat# dt8 dt15) (GHC.Prim.timesFloat# dt11 dt12))))
            (GHC.Prim.timesFloat#
               dt7
               (GHC.Prim.minusFloat#
                  (GHC.Prim.timesFloat# dt8 dt13) (GHC.Prim.timesFloat# dt9 dt12))))
         (GHC.Prim.timesFloat#
            -1.0#
            (GHC.Prim.plusFloat#
               (GHC.Prim.minusFloat#
                  (GHC.Prim.timesFloat#
                     dt4
                     (GHC.Prim.minusFloat#
                        (GHC.Prim.timesFloat# dt9 dt14) (GHC.Prim.timesFloat# dt10 dt13)))
                  (GHC.Prim.timesFloat#
                     dt5
                     (GHC.Prim.minusFloat#
                        (GHC.Prim.timesFloat# dt8 dt14) (GHC.Prim.timesFloat# dt10 dt12))))
               (GHC.Prim.timesFloat#
                  dt6
                  (GHC.Prim.minusFloat#
                     (GHC.Prim.timesFloat# dt8 dt13) (GHC.Prim.timesFloat# dt9 dt12)))))
         (GHC.Prim.timesFloat#
            -1.0#
            (GHC.Prim.plusFloat#
               (GHC.Prim.minusFloat#
                  (GHC.Prim.timesFloat#
                     dt1
                     (GHC.Prim.minusFloat#
                        (GHC.Prim.timesFloat# dt10 dt15) (GHC.Prim.timesFloat# dt11 dt14)))
                  (GHC.Prim.timesFloat#
                     dt2
                     (GHC.Prim.minusFloat#
                        (GHC.Prim.timesFloat# dt9 dt15) (GHC.Prim.timesFloat# dt11 dt13))))
               (GHC.Prim.timesFloat#
                  dt3
                  (GHC.Prim.minusFloat#
                     (GHC.Prim.timesFloat# dt9 dt14)
                     (GHC.Prim.timesFloat# dt10 dt13)))))
         (GHC.Prim.plusFloat#
            (GHC.Prim.minusFloat#
               (GHC.Prim.timesFloat#
                  dt
                  (GHC.Prim.minusFloat#
                     (GHC.Prim.timesFloat# dt10 dt15) (GHC.Prim.timesFloat# dt11 dt14)))
               (GHC.Prim.timesFloat#
                  dt2
                  (GHC.Prim.minusFloat#
                     (GHC.Prim.timesFloat# dt8 dt15) (GHC.Prim.timesFloat# dt11 dt12))))
            (GHC.Prim.timesFloat#
               dt3
               (GHC.Prim.minusFloat#
                  (GHC.Prim.timesFloat# dt8 dt14) (GHC.Prim.timesFloat# dt10 dt12))))
         (GHC.Prim.timesFloat#
            -1.0#
            (GHC.Prim.plusFloat#
               (GHC.Prim.minusFloat#
                  (GHC.Prim.timesFloat#
                     dt
                     (GHC.Prim.minusFloat#
                        (GHC.Prim.timesFloat# dt9 dt15) (GHC.Prim.timesFloat# dt11 dt13)))
                  (GHC.Prim.timesFloat#
                     dt1
                     (GHC.Prim.minusFloat#
                        (GHC.Prim.timesFloat# dt8 dt15) (GHC.Prim.timesFloat# dt11 dt12))))
               (GHC.Prim.timesFloat#
                  dt3
                  (GHC.Prim.minusFloat#
                     (GHC.Prim.timesFloat# dt8 dt13) (GHC.Prim.timesFloat# dt9 dt12)))))
         (GHC.Prim.plusFloat#
            (GHC.Prim.minusFloat#
               (GHC.Prim.timesFloat#
                  dt
                  (GHC.Prim.minusFloat#
                     (GHC.Prim.timesFloat# dt9 dt14) (GHC.Prim.timesFloat# dt10 dt13)))
               (GHC.Prim.timesFloat#
                  dt1
                  (GHC.Prim.minusFloat#
                     (GHC.Prim.timesFloat# dt8 dt14) (GHC.Prim.timesFloat# dt10 dt12))))
            (GHC.Prim.timesFloat#
               dt2
               (GHC.Prim.minusFloat#
                  (GHC.Prim.timesFloat# dt8 dt13) (GHC.Prim.timesFloat# dt9 dt12))))
         (GHC.Prim.plusFloat#
            (GHC.Prim.minusFloat#
               (GHC.Prim.timesFloat#
                  dt1
                  (GHC.Prim.minusFloat#
                     (GHC.Prim.timesFloat# dt6 dt15) (GHC.Prim.timesFloat# dt7 dt14)))
               (GHC.Prim.timesFloat#
                  dt2
                  (GHC.Prim.minusFloat#
                     (GHC.Prim.timesFloat# dt5 dt15) (GHC.Prim.timesFloat# dt7 dt13))))
            (GHC.Prim.timesFloat#
               dt3
               (GHC.Prim.minusFloat#
                  (GHC.Prim.timesFloat# dt5 dt14) (GHC.Prim.timesFloat# dt6 dt13))))
         (GHC.Prim.timesFloat#
            -1.0#
            (GHC.Prim.plusFloat#
               (GHC.Prim.minusFloat#
                  (GHC.Prim.timesFloat#
                     dt
                     (GHC.Prim.minusFloat#
                        (GHC.Prim.timesFloat# dt6 dt15) (GHC.Prim.timesFloat# dt7 dt14)))
                  (GHC.Prim.timesFloat#
                     dt2
                     (GHC.Prim.minusFloat#
                        (GHC.Prim.timesFloat# dt4 dt15) (GHC.Prim.timesFloat# dt7 dt12))))
               (GHC.Prim.timesFloat#
                  dt3
                  (GHC.Prim.minusFloat#
                     (GHC.Prim.timesFloat# dt4 dt14) (GHC.Prim.timesFloat# dt6 dt12)))))
         (GHC.Prim.plusFloat#
            (GHC.Prim.minusFloat#
               (GHC.Prim.timesFloat#
                  dt
                  (GHC.Prim.minusFloat#
                     (GHC.Prim.timesFloat# dt5 dt15) (GHC.Prim.timesFloat# dt7 dt13)))
               (GHC.Prim.timesFloat#
                  dt1
                  (GHC.Prim.minusFloat#
                     (GHC.Prim.timesFloat# dt4 dt15) (GHC.Prim.timesFloat# dt7 dt12))))
            (GHC.Prim.timesFloat#
               dt3
               (GHC.Prim.minusFloat#
                  (GHC.Prim.timesFloat# dt4 dt13) (GHC.Prim.timesFloat# dt5 dt12))))
         (GHC.Prim.timesFloat#
            -1.0#
            (GHC.Prim.plusFloat#
               (GHC.Prim.minusFloat#
                  (GHC.Prim.timesFloat#
                     dt
                     (GHC.Prim.minusFloat#
                        (GHC.Prim.timesFloat# dt5 dt14) (GHC.Prim.timesFloat# dt6 dt13)))
                  (GHC.Prim.timesFloat#
                     dt1
                     (GHC.Prim.minusFloat#
                        (GHC.Prim.timesFloat# dt4 dt14) (GHC.Prim.timesFloat# dt6 dt12))))
               (GHC.Prim.timesFloat#
                  dt2
                  (GHC.Prim.minusFloat#
                     (GHC.Prim.timesFloat# dt4 dt13) (GHC.Prim.timesFloat# dt5 dt12)))))
         (GHC.Prim.timesFloat#
            -1.0#
            (GHC.Prim.plusFloat#
               (GHC.Prim.minusFloat#
                  (GHC.Prim.timesFloat#
                     dt1
                     (GHC.Prim.minusFloat#
                        (GHC.Prim.timesFloat# dt6 dt11) (GHC.Prim.timesFloat# dt7 dt10)))
                  (GHC.Prim.timesFloat#
                     dt2
                     (GHC.Prim.minusFloat#
                        (GHC.Prim.timesFloat# dt5 dt11) (GHC.Prim.timesFloat# dt7 dt9))))
               (GHC.Prim.timesFloat#
                  dt3
                  (GHC.Prim.minusFloat#
                     (GHC.Prim.timesFloat# dt5 dt10) (GHC.Prim.timesFloat# dt6 dt9)))))
         (GHC.Prim.plusFloat#
            (GHC.Prim.minusFloat#
               (GHC.Prim.timesFloat#
                  dt
                  (GHC.Prim.minusFloat#
                     (GHC.Prim.timesFloat# dt6 dt11) (GHC.Prim.timesFloat# dt7 dt10)))
               (GHC.Prim.timesFloat#
                  dt2
                  (GHC.Prim.minusFloat#
                     (GHC.Prim.timesFloat# dt4 dt11) (GHC.Prim.timesFloat# dt7 dt8))))
            (GHC.Prim.timesFloat#
               dt3
               (GHC.Prim.minusFloat#
                  (GHC.Prim.timesFloat# dt4 dt10) (GHC.Prim.timesFloat# dt6 dt8))))
         (GHC.Prim.timesFloat#
            -1.0#
            (GHC.Prim.plusFloat#
               (GHC.Prim.minusFloat#
                  (GHC.Prim.timesFloat#
                     dt
                     (GHC.Prim.minusFloat#
                        (GHC.Prim.timesFloat# dt5 dt11) (GHC.Prim.timesFloat# dt7 dt9)))
                  (GHC.Prim.timesFloat#
                     dt1
                     (GHC.Prim.minusFloat#
                        (GHC.Prim.timesFloat# dt4 dt11) (GHC.Prim.timesFloat# dt7 dt8))))
               (GHC.Prim.timesFloat#
                  dt3
                  (GHC.Prim.minusFloat#
                     (GHC.Prim.timesFloat# dt4 dt9) (GHC.Prim.timesFloat# dt5 dt8)))))
         (GHC.Prim.plusFloat#
            (GHC.Prim.minusFloat#
               (GHC.Prim.timesFloat#
                  dt
                  (GHC.Prim.minusFloat#
                     (GHC.Prim.timesFloat# dt5 dt10) (GHC.Prim.timesFloat# dt6 dt9)))
               (GHC.Prim.timesFloat#
                  dt1
                  (GHC.Prim.minusFloat#
                     (GHC.Prim.timesFloat# dt4 dt10) (GHC.Prim.timesFloat# dt6 dt8))))
            (GHC.Prim.timesFloat#
               dt2
               (GHC.Prim.minusFloat#
                  (GHC.Prim.timesFloat# dt4 dt9) (GHC.Prim.timesFloat# dt5 dt8)))))
      `cast` <Co:2>
      }


