
==================== Tidy Core ====================
2017-09-08 01:36:42.830885 UTC

Result size of Tidy Core
  = {terms: 40, types: 45, coercions: 4, joins: 0/0}

-- RHS size: {terms: 1, types: 0, coercions: 0, joins: 0/0}
CoreDump.Matrix.RowSet.$trModule4 :: GHC.Prim.Addr#
CoreDump.Matrix.RowSet.$trModule4 = "main"#

-- RHS size: {terms: 2, types: 0, coercions: 0, joins: 0/0}
CoreDump.Matrix.RowSet.$trModule3 :: GHC.Types.TrName
CoreDump.Matrix.RowSet.$trModule3
  = GHC.Types.TrNameS CoreDump.Matrix.RowSet.$trModule4

-- RHS size: {terms: 1, types: 0, coercions: 0, joins: 0/0}
CoreDump.Matrix.RowSet.$trModule2 :: GHC.Prim.Addr#
CoreDump.Matrix.RowSet.$trModule2 = "CoreDump.Matrix.RowSet"#

-- RHS size: {terms: 2, types: 0, coercions: 0, joins: 0/0}
CoreDump.Matrix.RowSet.$trModule1 :: GHC.Types.TrName
CoreDump.Matrix.RowSet.$trModule1
  = GHC.Types.TrNameS CoreDump.Matrix.RowSet.$trModule2

-- RHS size: {terms: 3, types: 0, coercions: 0, joins: 0/0}
CoreDump.Matrix.RowSet.$trModule :: GHC.Types.Module
CoreDump.Matrix.RowSet.$trModule
  = GHC.Types.Module
      CoreDump.Matrix.RowSet.$trModule3 CoreDump.Matrix.RowSet.$trModule1

-- RHS size: {terms: 25, types: 29, coercions: 4, joins: 0/0}
rowSet_ :: Vector 4 Float -> Matrix 4 4 Float -> Matrix 4 4 Float
rowSet_
  = \ (v :: Vector 4 Float) (eta :: Matrix 4 4 Float) ->
      case eta `cast` <Co:1> of
      { TensorInstances.Tensor'4'4'Float dt dt1 dt2 dt3 dt4 dt5 dt6 dt7
                                         dt8 dt9 dt10 dt11 dt12 dt13 dt14 dt15 ->
      case v `cast` <Co:1> of
      { TensorInstances.Tensor'4'Float dt16 dt17 dt18 dt19 ->
      (TensorInstances.Tensor'4'4'Float
         dt
         dt1
         dt2
         dt3
         dt16
         dt17
         dt18
         dt19
         dt8
         dt9
         dt10
         dt11
         dt12
         dt13
         dt14
         dt15)
      `cast` <Co:2>
      }
      }


