
==================== Tidy Core ====================
2018-03-04 18:55:19.1575585 UTC

Result size of Tidy Core
  = {terms: 24, types: 39, coercions: 3, joins: 0/0}

-- RHS size: {terms: 1, types: 0, coercions: 0, joins: 0/0}
CoreDump.Matrix.RowView.$trModule4 :: GHC.Prim.Addr#
CoreDump.Matrix.RowView.$trModule4 = "main"#

-- RHS size: {terms: 2, types: 0, coercions: 0, joins: 0/0}
CoreDump.Matrix.RowView.$trModule3 :: GHC.Types.TrName
CoreDump.Matrix.RowView.$trModule3
  = GHC.Types.TrNameS CoreDump.Matrix.RowView.$trModule4

-- RHS size: {terms: 1, types: 0, coercions: 0, joins: 0/0}
CoreDump.Matrix.RowView.$trModule2 :: GHC.Prim.Addr#
CoreDump.Matrix.RowView.$trModule2 = "CoreDump.Matrix.RowView"#

-- RHS size: {terms: 2, types: 0, coercions: 0, joins: 0/0}
CoreDump.Matrix.RowView.$trModule1 :: GHC.Types.TrName
CoreDump.Matrix.RowView.$trModule1
  = GHC.Types.TrNameS CoreDump.Matrix.RowView.$trModule2

-- RHS size: {terms: 3, types: 0, coercions: 0, joins: 0/0}
CoreDump.Matrix.RowView.$trModule :: GHC.Types.Module
CoreDump.Matrix.RowView.$trModule
  = GHC.Types.Module
      CoreDump.Matrix.RowView.$trModule3
      CoreDump.Matrix.RowView.$trModule1

-- RHS size: {terms: 9, types: 27, coercions: 3, joins: 0/0}
rowView_ :: Matrix 4 4 Float -> Vector 4 Float
rowView_
  = \ (eta :: Data.Tensor.Static.Tensor '[4, 4] Float) ->
      case eta `cast` <Co:1> of
      { TensorInstances.Tensor'4'4'Float dt dt1 dt2 dt3 dt4 dt5 dt6 dt7
                                         dt8 dt9 dt10 dt11 dt12 dt13 dt14 dt15 ->
      (TensorInstances.Tensor'4'Float dt dt1 dt2 dt3) `cast` <Co:2>
      }


