
==================== Tidy Core ====================
2018-03-04 18:51:57.2220084 UTC

Result size of Tidy Core
  = {terms: 56, types: 71, coercions: 1, joins: 0/0}

-- RHS size: {terms: 1, types: 0, coercions: 0, joins: 0/0}
CoreDump.Tensor.GetSubtensorElems.$trModule4 :: GHC.Prim.Addr#
CoreDump.Tensor.GetSubtensorElems.$trModule4 = "main"#

-- RHS size: {terms: 2, types: 0, coercions: 0, joins: 0/0}
CoreDump.Tensor.GetSubtensorElems.$trModule3 :: GHC.Types.TrName
CoreDump.Tensor.GetSubtensorElems.$trModule3
  = GHC.Types.TrNameS CoreDump.Tensor.GetSubtensorElems.$trModule4

-- RHS size: {terms: 1, types: 0, coercions: 0, joins: 0/0}
CoreDump.Tensor.GetSubtensorElems.$trModule2 :: GHC.Prim.Addr#
CoreDump.Tensor.GetSubtensorElems.$trModule2
  = "CoreDump.Tensor.GetSubtensorElems"#

-- RHS size: {terms: 2, types: 0, coercions: 0, joins: 0/0}
CoreDump.Tensor.GetSubtensorElems.$trModule1 :: GHC.Types.TrName
CoreDump.Tensor.GetSubtensorElems.$trModule1
  = GHC.Types.TrNameS CoreDump.Tensor.GetSubtensorElems.$trModule2

-- RHS size: {terms: 3, types: 0, coercions: 0, joins: 0/0}
CoreDump.Tensor.GetSubtensorElems.$trModule :: GHC.Types.Module
CoreDump.Tensor.GetSubtensorElems.$trModule
  = GHC.Types.Module
      CoreDump.Tensor.GetSubtensorElems.$trModule3
      CoreDump.Tensor.GetSubtensorElems.$trModule1

-- RHS size: {terms: 41, types: 51, coercions: 1, joins: 0/0}
getSubtensorElems_ :: Tensor '[2, 3, 4] Float -> [Float]
getSubtensorElems_
  = \ (x :: Tensor '[2, 3, 4] Float) ->
      case x `cast` <Co:1> of
      { TensorInstances.Tensor'2'3'4'Float dt dt1 dt2 dt3 dt4 dt5 dt6 dt7
                                           dt8 dt9 dt10 dt11 dt12 dt13 dt14 dt15 dt16 dt17 dt18 dt19
                                           dt20 dt21 dt22 dt23 ->
      GHC.Types.:
        @ Float
        (GHC.Types.F# dt)
        (GHC.Types.:
           @ Float
           (GHC.Types.F# dt1)
           (GHC.Types.:
              @ Float
              (GHC.Types.F# dt2)
              (GHC.Types.:
                 @ Float
                 (GHC.Types.F# dt3)
                 (GHC.Types.:
                    @ Float
                    (GHC.Types.F# dt4)
                    (GHC.Types.:
                       @ Float
                       (GHC.Types.F# dt5)
                       (GHC.Types.:
                          @ Float
                          (GHC.Types.F# dt6)
                          (GHC.Types.:
                             @ Float
                             (GHC.Types.F# dt7)
                             (GHC.Types.:
                                @ Float
                                (GHC.Types.F# dt8)
                                (GHC.Types.:
                                   @ Float
                                   (GHC.Types.F# dt9)
                                   (GHC.Types.:
                                      @ Float
                                      (GHC.Types.F# dt10)
                                      (GHC.Types.:
                                         @ Float
                                         (GHC.Types.F# dt11)
                                         (GHC.Types.[] @ Float))))))))))))
      }


