
==================== Tidy Core ====================
2018-03-04 18:52:04.2294092 UTC

Result size of Tidy Core
  = {terms: 85, types: 89, coercions: 3, joins: 0/0}

-- RHS size: {terms: 1, types: 0, coercions: 0, joins: 0/0}
CoreDump.Tensor.MapSliceElems.$trModule2 :: GHC.Prim.Addr#
CoreDump.Tensor.MapSliceElems.$trModule2
  = "CoreDump.Tensor.MapSliceElems"#

-- RHS size: {terms: 2, types: 0, coercions: 0, joins: 0/0}
CoreDump.Tensor.MapSliceElems.$trModule1 :: GHC.Types.TrName
CoreDump.Tensor.MapSliceElems.$trModule1
  = GHC.Types.TrNameS CoreDump.Tensor.MapSliceElems.$trModule2

-- RHS size: {terms: 1, types: 0, coercions: 0, joins: 0/0}
CoreDump.Tensor.MapSliceElems.$trModule4 :: GHC.Prim.Addr#
CoreDump.Tensor.MapSliceElems.$trModule4 = "main"#

-- RHS size: {terms: 2, types: 0, coercions: 0, joins: 0/0}
CoreDump.Tensor.MapSliceElems.$trModule3 :: GHC.Types.TrName
CoreDump.Tensor.MapSliceElems.$trModule3
  = GHC.Types.TrNameS CoreDump.Tensor.MapSliceElems.$trModule4

-- RHS size: {terms: 3, types: 0, coercions: 0, joins: 0/0}
CoreDump.Tensor.MapSliceElems.$trModule :: GHC.Types.Module
CoreDump.Tensor.MapSliceElems.$trModule
  = GHC.Types.Module
      CoreDump.Tensor.MapSliceElems.$trModule3
      CoreDump.Tensor.MapSliceElems.$trModule1

-- RHS size: {terms: 70, types: 56, coercions: 3, joins: 0/0}
mapSliceElems_
  :: Tensor '[2, 3, 4] Float
     -> (Float -> Float) -> Tensor '[2, 3, 4] Float
mapSliceElems_
  = \ (t :: Tensor '[2, 3, 4] Float) (f :: Float -> Float) ->
      case t `cast` <Co:1> of
      { TensorInstances.Tensor'2'3'4'Float dt dt1 dt2 dt3 dt4 dt5 dt6 dt7
                                           dt8 dt9 dt10 dt11 dt12 dt13 dt14 dt15 dt16 dt17 dt18 dt19
                                           dt20 dt21 dt22 dt23 ->
      case f (GHC.Types.F# dt6) of { GHC.Types.F# dt30 ->
      case f (GHC.Types.F# dt7) of { GHC.Types.F# dt32 ->
      case f (GHC.Types.F# dt10) of { GHC.Types.F# dt34 ->
      case f (GHC.Types.F# dt11) of { GHC.Types.F# dt36 ->
      case f (GHC.Types.F# dt18) of { GHC.Types.F# dt38 ->
      case f (GHC.Types.F# dt19) of { GHC.Types.F# dt40 ->
      case f (GHC.Types.F# dt22) of { GHC.Types.F# dt42 ->
      case f (GHC.Types.F# dt23) of { GHC.Types.F# dt44 ->
      (TensorInstances.Tensor'2'3'4'Float
         dt
         dt1
         dt2
         dt3
         dt4
         dt5
         dt30
         dt32
         dt8
         dt9
         dt34
         dt36
         dt12
         dt13
         dt14
         dt15
         dt16
         dt17
         dt38
         dt40
         dt20
         dt21
         dt42
         dt44)
      `cast` <Co:2>
      }
      }
      }
      }
      }
      }
      }
      }
      }


