
==================== Tidy Core ====================
2017-09-08 01:36:18.0594072 UTC

Result size of Tidy Core
  = {terms: 36, types: 69, coercions: 3, joins: 0/0}

-- RHS size: {terms: 1, types: 0, coercions: 0, joins: 0/0}
CoreDump.Tensor.Remove_1_0.$trModule4 :: GHC.Prim.Addr#
CoreDump.Tensor.Remove_1_0.$trModule4 = "main"#

-- RHS size: {terms: 2, types: 0, coercions: 0, joins: 0/0}
CoreDump.Tensor.Remove_1_0.$trModule3 :: GHC.Types.TrName
CoreDump.Tensor.Remove_1_0.$trModule3
  = GHC.Types.TrNameS CoreDump.Tensor.Remove_1_0.$trModule4

-- RHS size: {terms: 1, types: 0, coercions: 0, joins: 0/0}
CoreDump.Tensor.Remove_1_0.$trModule2 :: GHC.Prim.Addr#
CoreDump.Tensor.Remove_1_0.$trModule2
  = "CoreDump.Tensor.Remove_1_0"#

-- RHS size: {terms: 2, types: 0, coercions: 0, joins: 0/0}
CoreDump.Tensor.Remove_1_0.$trModule1 :: GHC.Types.TrName
CoreDump.Tensor.Remove_1_0.$trModule1
  = GHC.Types.TrNameS CoreDump.Tensor.Remove_1_0.$trModule2

-- RHS size: {terms: 3, types: 0, coercions: 0, joins: 0/0}
CoreDump.Tensor.Remove_1_0.$trModule :: GHC.Types.Module
CoreDump.Tensor.Remove_1_0.$trModule
  = GHC.Types.Module
      CoreDump.Tensor.Remove_1_0.$trModule3
      CoreDump.Tensor.Remove_1_0.$trModule1

-- RHS size: {terms: 21, types: 38, coercions: 3, joins: 0/0}
remove_1_0_ :: Tensor '[2, 3, 4] Float -> Tensor '[2, 2, 4] Float
remove_1_0_
  = \ (x :: Tensor '[2, 3, 4] Float) ->
      case x `cast` <Co:1> of
      { TensorInstances.Tensor'2'3'4'Float dt dt1 dt2 dt3 dt4 dt5 dt6 dt7
                                           dt8 dt9 dt10 dt11 dt12 dt13 dt14 dt15 dt16 dt17 dt18 dt19
                                           dt20 dt21 dt22 dt23 ->
      (TensorInstances.Tensor'2'2'4'Float
         dt4
         dt5
         dt6
         dt7
         dt8
         dt9
         dt10
         dt11
         dt16
         dt17
         dt18
         dt19
         dt20
         dt21
         dt22
         dt23)
      `cast` <Co:2>
      }


