
==================== Tidy Core ====================
2019-11-28 18:28:11.419766903 UTC

Result size of Tidy Core
  = {terms: 48, types: 120, coercions: 127, joins: 0/0}

-- RHS size: {terms: 1, types: 0, coercions: 0, joins: 0/0}
CoreDump.Tensor.SetSubtensor.$trModule2 :: GHC.Prim.Addr#
CoreDump.Tensor.SetSubtensor.$trModule2
  = "CoreDump.Tensor.SetSubtensor"#

-- RHS size: {terms: 2, types: 0, coercions: 0, joins: 0/0}
CoreDump.Tensor.SetSubtensor.$trModule1 :: GHC.Types.TrName
CoreDump.Tensor.SetSubtensor.$trModule1
  = GHC.Types.TrNameS CoreDump.Tensor.SetSubtensor.$trModule2

-- RHS size: {terms: 1, types: 0, coercions: 0, joins: 0/0}
CoreDump.Tensor.SetSubtensor.$trModule4 :: GHC.Prim.Addr#
CoreDump.Tensor.SetSubtensor.$trModule4 = "main"#

-- RHS size: {terms: 2, types: 0, coercions: 0, joins: 0/0}
CoreDump.Tensor.SetSubtensor.$trModule3 :: GHC.Types.TrName
CoreDump.Tensor.SetSubtensor.$trModule3
  = GHC.Types.TrNameS CoreDump.Tensor.SetSubtensor.$trModule4

-- RHS size: {terms: 3, types: 0, coercions: 0, joins: 0/0}
CoreDump.Tensor.SetSubtensor.$trModule :: GHC.Types.Module
CoreDump.Tensor.SetSubtensor.$trModule
  = GHC.Types.Module
      CoreDump.Tensor.SetSubtensor.$trModule3
      CoreDump.Tensor.SetSubtensor.$trModule1

-- RHS size: {terms: 33, types: 71, coercions: 127, joins: 0/0}
setSubtensor_
  :: Tensor '[2, 3, 4] Float
     -> Subtensor '[0] '[2, 3, 4] Float -> Tensor '[2, 3, 4] Float
setSubtensor_
  = \ (t :: Tensor '[2, 3, 4] Float)
      (st
         :: Tensor (NormalizeDims (SubtensorDims '[0] '[2, 3, 4])) Float) ->
      case t `cast` <Co:1> of
      { TensorInstances.Tensor'2'3'4'Float dt dt1 dt2 dt3 dt4 dt5 dt6 dt7
                                           dt8 dt9 dt10 dt11 dt12 dt13 dt14 dt15 dt16 dt17 dt18 dt19
                                           dt20 dt21 dt22 dt23 ->
      case st `cast` <Co:124> of
      { TensorInstances.Tensor'3'4'Float dt29 dt30 dt31 dt32 dt33 dt34
                                         dt35 dt36 dt37 dt38 dt39 dt40 ->
      (TensorInstances.Tensor'2'3'4'Float
         dt29
         dt30
         dt31
         dt32
         dt33
         dt34
         dt35
         dt36
         dt37
         dt38
         dt39
         dt40
         dt12
         dt13
         dt14
         dt15
         dt16
         dt17
         dt18
         dt19
         dt20
         dt21
         dt22
         dt23)
      `cast` <Co:2>
      }
      }


