
==================== Tidy Core ====================
2017-09-08 01:36:10.0022274 UTC

Result size of Tidy Core
  = {terms: 53, types: 158, coercions: 414, joins: 0/0}

-- RHS size: {terms: 1, types: 0, coercions: 0, joins: 0/0}
CoreDump.Tensor.SubtensorOver.$trModule4 :: GHC.Prim.Addr#
CoreDump.Tensor.SubtensorOver.$trModule4 = "main"#

-- RHS size: {terms: 2, types: 0, coercions: 0, joins: 0/0}
CoreDump.Tensor.SubtensorOver.$trModule3 :: GHC.Types.TrName
CoreDump.Tensor.SubtensorOver.$trModule3
  = GHC.Types.TrNameS CoreDump.Tensor.SubtensorOver.$trModule4

-- RHS size: {terms: 1, types: 0, coercions: 0, joins: 0/0}
CoreDump.Tensor.SubtensorOver.$trModule2 :: GHC.Prim.Addr#
CoreDump.Tensor.SubtensorOver.$trModule2
  = "CoreDump.Tensor.SubtensorOver"#

-- RHS size: {terms: 2, types: 0, coercions: 0, joins: 0/0}
CoreDump.Tensor.SubtensorOver.$trModule1 :: GHC.Types.TrName
CoreDump.Tensor.SubtensorOver.$trModule1
  = GHC.Types.TrNameS CoreDump.Tensor.SubtensorOver.$trModule2

-- RHS size: {terms: 3, types: 0, coercions: 0, joins: 0/0}
CoreDump.Tensor.SubtensorOver.$trModule :: GHC.Types.Module
CoreDump.Tensor.SubtensorOver.$trModule
  = GHC.Types.Module
      CoreDump.Tensor.SubtensorOver.$trModule3
      CoreDump.Tensor.SubtensorOver.$trModule1

-- RHS size: {terms: 38, types: 85, coercions: 414, joins: 0/0}
subtensorOver_
  :: (Subtensor '[0, 1] '[2, 3, 4] Float
      -> Subtensor '[0, 1] '[2, 3, 4] Float)
     -> Tensor '[2, 3, 4] Float -> Tensor '[2, 3, 4] Float
subtensorOver_
  = \ (f :: Subtensor '[0, 1] '[2, 3, 4] Float
            -> Subtensor '[0, 1] '[2, 3, 4] Float)
      (eta :: Tensor '[2, 3, 4] Float) ->
      case eta `cast` <Co:1> of
      { TensorInstances.Tensor'2'3'4'Float dt dt1 dt2 dt3 dt4 dt5 dt6 dt7
                                           dt8 dt9 dt10 dt11 dt12 dt13 dt14 dt15 dt16 dt17 dt18 dt19
                                           dt20 dt21 dt22 dt23 ->
      case (f ((TensorInstances.Tensor'4'Float dt4 dt5 dt6 dt7)
               `cast` <Co:213>))
           `cast` <Co:198>
      of
      { TensorInstances.Tensor'4'Float dt29 dt30 dt31 dt32 ->
      (TensorInstances.Tensor'2'3'4'Float
         dt
         dt1
         dt2
         dt3
         dt29
         dt30
         dt31
         dt32
         dt8
         dt9
         dt10
         dt11
         dt12
         dt13
         dt14
         dt15
         dt16
         dt17
         dt18
         dt19
         dt20
         dt21
         dt22
         dt23)
      `cast` <Co:2>
      }
      }


