
==================== Tidy Core ====================
2017-09-08 01:36:08.4711701 UTC

Result size of Tidy Core
  = {terms: 50, types: 75, coercions: 3, joins: 0/0}

-- RHS size: {terms: 1, types: 0, coercions: 0, joins: 0/0}
CoreDump.Tensor.TensorElemOver.$trModule4 :: GHC.Prim.Addr#
CoreDump.Tensor.TensorElemOver.$trModule4 = "main"#

-- RHS size: {terms: 2, types: 0, coercions: 0, joins: 0/0}
CoreDump.Tensor.TensorElemOver.$trModule3 :: GHC.Types.TrName
CoreDump.Tensor.TensorElemOver.$trModule3
  = GHC.Types.TrNameS CoreDump.Tensor.TensorElemOver.$trModule4

-- RHS size: {terms: 1, types: 0, coercions: 0, joins: 0/0}
CoreDump.Tensor.TensorElemOver.$trModule2 :: GHC.Prim.Addr#
CoreDump.Tensor.TensorElemOver.$trModule2
  = "CoreDump.Tensor.TensorElemOver"#

-- RHS size: {terms: 2, types: 0, coercions: 0, joins: 0/0}
CoreDump.Tensor.TensorElemOver.$trModule1 :: GHC.Types.TrName
CoreDump.Tensor.TensorElemOver.$trModule1
  = GHC.Types.TrNameS CoreDump.Tensor.TensorElemOver.$trModule2

-- RHS size: {terms: 3, types: 0, coercions: 0, joins: 0/0}
CoreDump.Tensor.TensorElemOver.$trModule :: GHC.Types.Module
CoreDump.Tensor.TensorElemOver.$trModule
  = GHC.Types.Module
      CoreDump.Tensor.TensorElemOver.$trModule3
      CoreDump.Tensor.TensorElemOver.$trModule1

-- RHS size: {terms: 35, types: 42, coercions: 3, joins: 0/0}
tensorElemOver_
  :: (Float -> Float)
     -> Tensor '[2, 3, 4] Float -> Tensor '[2, 3, 4] Float
tensorElemOver_
  = \ (f :: Float -> Float) (eta :: Tensor '[2, 3, 4] Float) ->
      case eta `cast` <Co:1> of
      { TensorInstances.Tensor'2'3'4'Float dt dt1 dt2 dt3 dt4 dt5 dt6 dt7
                                           dt8 dt9 dt10 dt11 dt12 dt13 dt14 dt15 dt16 dt17 dt18 dt19
                                           dt20 dt21 dt22 dt23 ->
      case f (GHC.Types.F# dt17) of { GHC.Types.F# dt30 ->
      (TensorInstances.Tensor'2'3'4'Float
         dt
         dt1
         dt2
         dt3
         dt4
         dt5
         dt6
         dt7
         dt8
         dt9
         dt10
         dt11
         dt12
         dt13
         dt14
         dt15
         dt16
         dt30
         dt18
         dt19
         dt20
         dt21
         dt22
         dt23)
      `cast` <Co:2>
      }
      }


